Copyright 1986-2022 Xilinx, Inc. All Rights Reserved. Copyright 2022-2024 Advanced Micro Devices, Inc. All Rights Reserved.
---------------------------------------------------------------------------------------------------------------------------------------------
| Tool Version : Vivado v.2024.1 (win64) Build 5076996 Wed May 22 18:37:14 MDT 2024
| Date         : Mon Nov 25 22:13:22 2024
| Host         : ban running 64-bit major release  (build 9200)
| Command      : report_utilization -hierarchical -hierarchical_depth 5 -file ./report/delay_utilization_hierarchical_routed.rpt
| Design       : bd_0_wrapper
| Device       : xc7z020clg400-2
| Speed File   : -2
| Design State : Routed
---------------------------------------------------------------------------------------------------------------------------------------------

Utilization Design Information

Table of Contents
-----------------
1. Utilization by Hierarchy

1. Utilization by Hierarchy
---------------------------

+--------------+-----------------------+------------+------------+---------+------+-----+--------+--------+------------+
|   Instance   |         Module        | Total LUTs | Logic LUTs | LUTRAMs | SRLs | FFs | RAMB36 | RAMB18 | DSP Blocks |
+--------------+-----------------------+------------+------------+---------+------+-----+--------+--------+------------+
| bd_0_wrapper |                 (top) |        889 |        838 |       0 |   51 | 975 |      0 |      0 |          0 |
|   bd_0_i     |                  bd_0 |        889 |        838 |       0 |   51 | 975 |      0 |      0 |          0 |
|     hls_inst |       bd_0_hls_inst_0 |        889 |        838 |       0 |   51 | 975 |      0 |      0 |          0 |
|       inst   | bd_0_hls_inst_0_delay |        889 |        838 |       0 |   51 | 975 |      0 |      0 |          0 |
+--------------+-----------------------+------------+------------+---------+------+-----+--------+--------+------------+
* Note: The sum of lower-level cells may be larger than their parent cells total, due to cross-hierarchy LUT combining


