#-----------------------------------------------------------
# Vivado v2024.1 (64-bit)
# SW Build 5076996 on Wed May 22 18:37:14 MDT 2024
# IP Build 5075265 on Wed May 22 21:45:21 MDT 2024
# SharedData Build 5076995 on Wed May 22 18:29:18 MDT 2024
# Start of session at: Mon Nov 25 20:41:50 2024
# Process ID: 15968
# Current directory: C:/Users/liboh/Desktop/mvdr/hls/calculate/hls_component/calculate/hls/impl/verilog/project.runs/synth_1
# Command line: vivado.exe -log bd_0_wrapper.vds -product Vivado -mode batch -messageDb vivado.pb -notrace -source bd_0_wrapper.tcl
# Log file: C:/Users/liboh/Desktop/mvdr/hls/calculate/hls_component/calculate/hls/impl/verilog/project.runs/synth_1/bd_0_wrapper.vds
# Journal file: C:/Users/liboh/Desktop/mvdr/hls/calculate/hls_component/calculate/hls/impl/verilog/project.runs/synth_1\vivado.jou
# Running On        :ban
# Platform          :Windows Server 2016 or Windows 10
# Operating System  :26100
# Processor Detail  :11th Gen Intel(R) Core(TM) i7-11800H @ 2.30GHz
# CPU Frequency     :2304 MHz
# CPU Physical cores:8
# CPU Logical cores :16
# Host memory       :16910 MB
# Swap memory       :1275 MB
# Total Virtual     :18185 MB
# Available Virtual :8647 MB
#-----------------------------------------------------------
source bd_0_wrapper.tcl -notrace
