#-----------------------------------------------------------
# Vivado v2024.1 (64-bit)
# SW Build 5076996 on Wed May 22 18:37:14 MDT 2024
# IP Build 5075265 on Wed May 22 21:45:21 MDT 2024
# SharedData Build 5076995 on Wed May 22 18:29:18 MDT 2024
# Start of session at: Mon Nov 25 19:24:37 2024
# Process ID: 8080
# Current directory: C:/Users/liboh/Desktop/mvdr/hls/vram_add/hls_component/hls_component/hls/impl/ip
# Command line: vivado.exe -notrace -mode batch -source run_ippack.tcl
# Log file: C:/Users/liboh/Desktop/mvdr/hls/vram_add/hls_component/hls_component/hls/impl/ip/vivado.log
# Journal file: C:/Users/liboh/Desktop/mvdr/hls/vram_add/hls_component/hls_component/hls/impl/ip\vivado.jou
# Running On        :ban
# Platform          :Windows Server 2016 or Windows 10
# Operating System  :26100
# Processor Detail  :11th Gen Intel(R) Core(TM) i7-11800H @ 2.30GHz
# CPU Frequency     :2304 MHz
# CPU Physical cores:8
# CPU Logical cores :16
# Host memory       :16910 MB
# Swap memory       :2612 MB
# Total Virtual     :19522 MB
# Available Virtual :1291 MB
#-----------------------------------------------------------
source run_ippack.tcl -notrace
